-- The C compiler identification is GNU 11.4.0
-- The CXX compiler identification is GNU 11.4.0
-- Detecting C compiler ABI info
-- Detecting C compiler ABI info - done
-- Check for working C compiler: /usr/bin/cc - skipped
-- Detecting C compile features
-- Detecting C compile features - done
-- Detecting CXX compiler ABI info
-- Detecting CXX compiler ABI info - done
-- Check for working CXX compiler: /usr/bin/c++ - skipped
-- Detecting CXX compile features
-- Detecting CXX compile features - done
-- Found ament_cmake: 1.3.14 (/opt/ros/humble/share/ament_cmake/cmake)
-- Found Python3: /usr/bin/python3 (found version "3.10.12") found components: Interpreter 
-- Found rclcpp: 16.0.19 (/opt/ros/humble/share/rclcpp/cmake)
-- Found rosidl_generator_c: 3.1.9 (/opt/ros/humble/share/rosidl_generator_c/cmake)
-- Found rosidl_adapter: 3.1.9 (/opt/ros/humble/share/rosidl_adapter/cmake)
-- Found rosidl_generator_cpp: 3.1.9 (/opt/ros/humble/share/rosidl_generator_cpp/cmake)
-- Using all available rosidl_typesupport_c: rosidl_typesupport_fastrtps_c;rosidl_typesupport_introspection_c
-- Using all available rosidl_typesupport_cpp: rosidl_typesupport_fastrtps_cpp;rosidl_typesupport_introspection_cpp
-- Found rmw_implementation_cmake: 6.1.3 (/opt/ros/humble/share/rmw_implementation_cmake/cmake)
-- Found rmw_fastrtps_cpp: 6.2.10 (/opt/ros/humble/share/rmw_fastrtps_cpp/cmake)
-- Found OpenSSL: /usr/lib/x86_64-linux-gnu/libcrypto.so (found version "3.0.2")  
-- Found FastRTPS: /opt/ros/humble/include  
-- Using RMW implementation 'rmw_fastrtps_cpp' as default
-- Looking for pthread.h
-- Looking for pthread.h - found
-- Performing Test CMAKE_HAVE_LIBC_PTHREAD
-- Performing Test CMAKE_HAVE_LIBC_PTHREAD - Success
-- Found Threads: TRUE  
-- Found geometry_msgs: 4.9.2 (/opt/ros/humble/share/geometry_msgs/cmake)
-- Found behaviortree_cpp: 4.10.0 (/opt/ros/humble/share/behaviortree_cpp/cmake)
-- nav2_msgs found — enabling BtRosLogger live monitoring
-- Found ament_cmake_gtest: 1.3.14 (/opt/ros/humble/share/ament_cmake_gtest/cmake)
-- Found gtest sources under '/opt/ros/humble/src/gtest_vendor': C++ tests using 'Google Test' will be built
-- Configuring done
-- Generating done
-- Build files have been written to: /home/user/mujoco-project/build/build_a_zebra
[  5%] [32mBuilding CXX object gtest/CMakeFiles/gtest_main.dir/src/gtest_main.cc.o[0m
[ 10%] [32mBuilding CXX object CMakeFiles/zebra_bt_node.dir/src/main.cpp.o[0m
[ 21%] [32mBuilding CXX object gtest/CMakeFiles/gtest.dir/src/gtest-all.cc.o[0m
[ 26%] [32mBuilding CXX object CMakeFiles/zebra_bt_node.dir/src/world_model.cpp.o[0m
[ 26%] [32mBuilding CXX object CMakeFiles/zebra_bt_node.dir/src/disturbance_generator.cpp.o[0m
[ 31%] [32mBuilding CXX object CMakeFiles/zebra_bt_node.dir/src/recovery_manager.cpp.o[0m
[ 36%] [32mBuilding CXX object CMakeFiles/zebra_bt_node.dir/src/task_model.cpp.o[0m
[ 42%] [32m[1mLinking CXX static library libgtest_main.a[0m
[ 42%] Built target gtest_main
[ 47%] [32m[1mLinking CXX static library libgtest.a[0m
[ 47%] Built target gtest
[ 57%] [32mBuilding CXX object CMakeFiles/task_model_test.dir/test/task_model_test.cpp.o[0m
[ 57%] [32mBuilding CXX object CMakeFiles/recovery_manager_test.dir/src/recovery_manager.cpp.o[0m
[ 63%] [32mBuilding CXX object CMakeFiles/task_model_test.dir/src/task_model.cpp.o[0m
[ 68%] [32mBuilding CXX object CMakeFiles/recovery_manager_test.dir/test/recovery_manager_test.cpp.o[0m
[ 73%] [32mBuilding CXX object CMakeFiles/world_model_test.dir/test/world_model_test.cpp.o[0m
[ 78%] [32mBuilding CXX object CMakeFiles/world_model_test.dir/src/world_model.cpp.o[0m
[ 84%] [32m[1mLinking CXX executable recovery_manager_test[0m
[ 84%] Built target recovery_manager_test
[ 89%] [32m[1mLinking CXX executable task_model_test[0m
[ 89%] Built target task_model_test
[ 94%] [32m[1mLinking CXX executable world_model_test[0m
[ 94%] Built target world_model_test
[100%] [32m[1mLinking CXX executable zebra_bt_node[0m
[100%] Built target zebra_bt_node
-- Install configuration: ""
-- Installing: /home/user/mujoco-project/install/build_a_zebra/lib/build_a_zebra/zebra_bt_node
-- Set runtime path of "/home/user/mujoco-project/install/build_a_zebra/lib/build_a_zebra/zebra_bt_node" to ""
-- Installing: /home/user/mujoco-project/install/build_a_zebra/share/build_a_zebra/trees
-- Installing: /home/user/mujoco-project/install/build_a_zebra/share/build_a_zebra/trees/zebra_tree.xml
-- Installing: /home/user/mujoco-project/install/build_a_zebra/share/build_a_zebra/resources
-- Installing: /home/user/mujoco-project/install/build_a_zebra/share/build_a_zebra/resources/disturbances.json
-- Installing: /home/user/mujoco-project/install/build_a_zebra/share/build_a_zebra/resources/bom.json
-- Installing: /home/user/mujoco-project/install/build_a_zebra/lib/build_a_zebra/mujoco_test_executor.py
-- Installing: /home/user/mujoco-project/install/build_a_zebra/share/ament_index/resource_index/package_run_dependencies/build_a_zebra
-- Installing: /home/user/mujoco-project/install/build_a_zebra/share/ament_index/resource_index/parent_prefix_path/build_a_zebra
-- Installing: /home/user/mujoco-project/install/build_a_zebra/share/build_a_zebra/environment/ament_prefix_path.sh
-- Installing: /home/user/mujoco-project/install/build_a_zebra/share/build_a_zebra/environment/ament_prefix_path.dsv
-- Installing: /home/user/mujoco-project/install/build_a_zebra/share/build_a_zebra/environment/path.sh
-- Installing: /home/user/mujoco-project/install/build_a_zebra/share/build_a_zebra/environment/path.dsv
-- Installing: /home/user/mujoco-project/install/build_a_zebra/share/build_a_zebra/local_setup.bash
-- Installing: /home/user/mujoco-project/install/build_a_zebra/share/build_a_zebra/local_setup.sh
-- Installing: /home/user/mujoco-project/install/build_a_zebra/share/build_a_zebra/local_setup.zsh
-- Installing: /home/user/mujoco-project/install/build_a_zebra/share/build_a_zebra/local_setup.dsv
-- Installing: /home/user/mujoco-project/install/build_a_zebra/share/build_a_zebra/package.dsv
-- Installing: /home/user/mujoco-project/install/build_a_zebra/share/ament_index/resource_index/packages/build_a_zebra
-- Installing: /home/user/mujoco-project/install/build_a_zebra/share/build_a_zebra/cmake/build_a_zebraConfig.cmake
-- Installing: /home/user/mujoco-project/install/build_a_zebra/share/build_a_zebra/cmake/build_a_zebraConfig-version.cmake
-- Installing: /home/user/mujoco-project/install/build_a_zebra/share/build_a_zebra/package.xml
