[0.016s] Invoking command in '/home/user/mujoco-project/build/build_a_zebra': CMAKE_PREFIX_PATH=${CMAKE_PREFIX_PATH}:/opt/ros/humble /usr/bin/cmake /home/user/mujoco-project/build_a_zebra -DCMAKE_INSTALL_PREFIX=/home/user/mujoco-project/install/build_a_zebra
[0.246s] -- The C compiler identification is GNU 11.4.0
[0.736s] -- The CXX compiler identification is GNU 11.4.0
[1.065s] -- Detecting C compiler ABI info
[1.268s] -- Detecting C compiler ABI info - done
[1.286s] -- Check for working C compiler: /usr/bin/cc - skipped
[1.295s] -- Detecting C compile features
[1.295s] -- Detecting C compile features - done
[1.295s] -- Detecting CXX compiler ABI info
[1.462s] -- Detecting CXX compiler ABI info - done
[1.466s] -- Check for working CXX compiler: /usr/bin/c++ - skipped
[1.467s] -- Detecting CXX compile features
[1.467s] -- Detecting CXX compile features - done
[1.480s] -- Found ament_cmake: 1.3.14 (/opt/ros/humble/share/ament_cmake/cmake)
[1.595s] -- Found Python3: /usr/bin/python3 (found version "3.10.12") found components: Interpreter 
[1.691s] -- Found rclcpp: 16.0.19 (/opt/ros/humble/share/rclcpp/cmake)
[1.866s] -- Found rosidl_generator_c: 3.1.9 (/opt/ros/humble/share/rosidl_generator_c/cmake)
[1.871s] -- Found rosidl_adapter: 3.1.9 (/opt/ros/humble/share/rosidl_adapter/cmake)
[1.883s] -- Found rosidl_generator_cpp: 3.1.9 (/opt/ros/humble/share/rosidl_generator_cpp/cmake)
[1.899s] -- Using all available rosidl_typesupport_c: rosidl_typesupport_fastrtps_c;rosidl_typesupport_introspection_c
[1.918s] -- Using all available rosidl_typesupport_cpp: rosidl_typesupport_fastrtps_cpp;rosidl_typesupport_introspection_cpp
[1.976s] -- Found rmw_implementation_cmake: 6.1.3 (/opt/ros/humble/share/rmw_implementation_cmake/cmake)
[1.979s] -- Found rmw_fastrtps_cpp: 6.2.10 (/opt/ros/humble/share/rmw_fastrtps_cpp/cmake)
[3.272s] -- Found OpenSSL: /usr/lib/x86_64-linux-gnu/libcrypto.so (found version "3.0.2")  
[4.643s] -- Found FastRTPS: /opt/ros/humble/include  
[7.218s] -- Using RMW implementation 'rmw_fastrtps_cpp' as default
[7.228s] -- Looking for pthread.h
[7.367s] -- Looking for pthread.h - found
[7.367s] -- Performing Test CMAKE_HAVE_LIBC_PTHREAD
[7.489s] -- Performing Test CMAKE_HAVE_LIBC_PTHREAD - Success
[7.490s] -- Found Threads: TRUE  
[7.564s] -- Found geometry_msgs: 4.9.2 (/opt/ros/humble/share/geometry_msgs/cmake)
[7.584s] -- Found behaviortree_cpp: 4.10.0 (/opt/ros/humble/share/behaviortree_cpp/cmake)
[7.669s] -- nav2_msgs found — enabling BtRosLogger live monitoring
[7.671s] -- Found ament_cmake_gtest: 1.3.14 (/opt/ros/humble/share/ament_cmake_gtest/cmake)
[7.673s] -- Found gtest sources under '/opt/ros/humble/src/gtest_vendor': C++ tests using 'Google Test' will be built
[7.729s] -- Configuring done
[7.747s] -- Generating done
[7.753s] -- Build files have been written to: /home/user/mujoco-project/build/build_a_zebra
[7.762s] Invoked command in '/home/user/mujoco-project/build/build_a_zebra' returned '0': CMAKE_PREFIX_PATH=${CMAKE_PREFIX_PATH}:/opt/ros/humble /usr/bin/cmake /home/user/mujoco-project/build_a_zebra -DCMAKE_INSTALL_PREFIX=/home/user/mujoco-project/install/build_a_zebra
[7.763s] Invoking command in '/home/user/mujoco-project/build/build_a_zebra': CMAKE_PREFIX_PATH=${CMAKE_PREFIX_PATH}:/opt/ros/humble /usr/bin/cmake --build /home/user/mujoco-project/build/build_a_zebra -- -j8 -l8
[7.799s] [  5%] [32mBuilding CXX object gtest/CMakeFiles/gtest_main.dir/src/gtest_main.cc.o[0m
[7.800s] [ 10%] [32mBuilding CXX object CMakeFiles/zebra_bt_node.dir/src/main.cpp.o[0m
[7.800s] [ 21%] [32mBuilding CXX object gtest/CMakeFiles/gtest.dir/src/gtest-all.cc.o[0m
[7.800s] [ 26%] [32mBuilding CXX object CMakeFiles/zebra_bt_node.dir/src/world_model.cpp.o[0m
[7.800s] [ 26%] [32mBuilding CXX object CMakeFiles/zebra_bt_node.dir/src/disturbance_generator.cpp.o[0m
[7.800s] [ 31%] [32mBuilding CXX object CMakeFiles/zebra_bt_node.dir/src/recovery_manager.cpp.o[0m
[7.800s] [ 36%] [32mBuilding CXX object CMakeFiles/zebra_bt_node.dir/src/task_model.cpp.o[0m
[9.291s] [ 42%] [32m[1mLinking CXX static library libgtest_main.a[0m
[9.341s] [ 42%] Built target gtest_main
[12.683s] [ 47%] [32m[1mLinking CXX static library libgtest.a[0m
[12.746s] [ 47%] Built target gtest
[12.773s] [ 57%] [32mBuilding CXX object CMakeFiles/task_model_test.dir/test/task_model_test.cpp.o[0m
[12.773s] [ 57%] [32mBuilding CXX object CMakeFiles/recovery_manager_test.dir/src/recovery_manager.cpp.o[0m
[12.784s] [ 63%] [32mBuilding CXX object CMakeFiles/task_model_test.dir/src/task_model.cpp.o[0m
[12.784s] [ 68%] [32mBuilding CXX object CMakeFiles/recovery_manager_test.dir/test/recovery_manager_test.cpp.o[0m
[12.784s] [ 73%] [32mBuilding CXX object CMakeFiles/world_model_test.dir/test/world_model_test.cpp.o[0m
[13.709s] [ 78%] [32mBuilding CXX object CMakeFiles/world_model_test.dir/src/world_model.cpp.o[0m
[15.278s] [ 84%] [32m[1mLinking CXX executable recovery_manager_test[0m
[15.618s] [ 84%] Built target recovery_manager_test
[16.986s] [ 89%] [32m[1mLinking CXX executable task_model_test[0m
[17.283s] [ 89%] Built target task_model_test
[24.415s] [ 94%] [32m[1mLinking CXX executable world_model_test[0m
[25.374s] [ 94%] Built target world_model_test
[26.428s] [100%] [32m[1mLinking CXX executable zebra_bt_node[0m
[27.622s] [100%] Built target zebra_bt_node
[27.636s] Invoked command in '/home/user/mujoco-project/build/build_a_zebra' returned '0': CMAKE_PREFIX_PATH=${CMAKE_PREFIX_PATH}:/opt/ros/humble /usr/bin/cmake --build /home/user/mujoco-project/build/build_a_zebra -- -j8 -l8
[27.645s] Invoking command in '/home/user/mujoco-project/build/build_a_zebra': CMAKE_PREFIX_PATH=${CMAKE_PREFIX_PATH}:/opt/ros/humble /usr/bin/cmake --install /home/user/mujoco-project/build/build_a_zebra
[27.652s] -- Install configuration: ""
[27.653s] -- Installing: /home/user/mujoco-project/install/build_a_zebra/lib/build_a_zebra/zebra_bt_node
[27.657s] -- Set runtime path of "/home/user/mujoco-project/install/build_a_zebra/lib/build_a_zebra/zebra_bt_node" to ""
[27.657s] -- Installing: /home/user/mujoco-project/install/build_a_zebra/share/build_a_zebra/trees
[27.657s] -- Installing: /home/user/mujoco-project/install/build_a_zebra/share/build_a_zebra/trees/zebra_tree.xml
[27.658s] -- Installing: /home/user/mujoco-project/install/build_a_zebra/share/build_a_zebra/resources
[27.659s] -- Installing: /home/user/mujoco-project/install/build_a_zebra/share/build_a_zebra/resources/disturbances.json
[27.659s] -- Installing: /home/user/mujoco-project/install/build_a_zebra/share/build_a_zebra/resources/bom.json
[27.660s] -- Installing: /home/user/mujoco-project/install/build_a_zebra/lib/build_a_zebra/mujoco_test_executor.py
[27.660s] -- Installing: /home/user/mujoco-project/install/build_a_zebra/share/ament_index/resource_index/package_run_dependencies/build_a_zebra
[27.661s] -- Installing: /home/user/mujoco-project/install/build_a_zebra/share/ament_index/resource_index/parent_prefix_path/build_a_zebra
[27.661s] -- Installing: /home/user/mujoco-project/install/build_a_zebra/share/build_a_zebra/environment/ament_prefix_path.sh
[27.661s] -- Installing: /home/user/mujoco-project/install/build_a_zebra/share/build_a_zebra/environment/ament_prefix_path.dsv
[27.662s] -- Installing: /home/user/mujoco-project/install/build_a_zebra/share/build_a_zebra/environment/path.sh
[27.662s] -- Installing: /home/user/mujoco-project/install/build_a_zebra/share/build_a_zebra/environment/path.dsv
[27.662s] -- Installing: /home/user/mujoco-project/install/build_a_zebra/share/build_a_zebra/local_setup.bash
[27.662s] -- Installing: /home/user/mujoco-project/install/build_a_zebra/share/build_a_zebra/local_setup.sh
[27.663s] -- Installing: /home/user/mujoco-project/install/build_a_zebra/share/build_a_zebra/local_setup.zsh
[27.663s] -- Installing: /home/user/mujoco-project/install/build_a_zebra/share/build_a_zebra/local_setup.dsv
[27.663s] -- Installing: /home/user/mujoco-project/install/build_a_zebra/share/build_a_zebra/package.dsv
[27.664s] -- Installing: /home/user/mujoco-project/install/build_a_zebra/share/ament_index/resource_index/packages/build_a_zebra
[27.664s] -- Installing: /home/user/mujoco-project/install/build_a_zebra/share/build_a_zebra/cmake/build_a_zebraConfig.cmake
[27.664s] -- Installing: /home/user/mujoco-project/install/build_a_zebra/share/build_a_zebra/cmake/build_a_zebraConfig-version.cmake
[27.664s] -- Installing: /home/user/mujoco-project/install/build_a_zebra/share/build_a_zebra/package.xml
[27.667s] Invoked command in '/home/user/mujoco-project/build/build_a_zebra' returned '0': CMAKE_PREFIX_PATH=${CMAKE_PREFIX_PATH}:/opt/ros/humble /usr/bin/cmake --install /home/user/mujoco-project/build/build_a_zebra
