[35m[1mConsolidate compiler generated dependencies of target gtest[0m
[35m[1mConsolidate compiler generated dependencies of target gtest_main[0m
[35m[1mConsolidate compiler generated dependencies of target zebra_bt_node[0m
[ 21%] Built target gtest_main
[ 21%] Built target gtest
[35m[1mConsolidate compiler generated dependencies of target task_model_test[0m
[35m[1mConsolidate compiler generated dependencies of target world_model_test[0m
[35m[1mConsolidate compiler generated dependencies of target recovery_manager_test[0m
[ 26%] [32mBuilding CXX object CMakeFiles/zebra_bt_node.dir/src/main.cpp.o[0m
[ 31%] [32mBuilding CXX object CMakeFiles/zebra_bt_node.dir/src/world_model.cpp.o[0m
[ 36%] [32mBuilding CXX object CMakeFiles/zebra_bt_node.dir/src/disturbance_generator.cpp.o[0m
[ 52%] Built target recovery_manager_test
[ 57%] [32mBuilding CXX object CMakeFiles/world_model_test.dir/test/world_model_test.cpp.o[0m
[ 73%] Built target task_model_test
[ 78%] [32mBuilding CXX object CMakeFiles/world_model_test.dir/src/world_model.cpp.o[0m
[ 84%] [32m[1mLinking CXX executable world_model_test[0m
[ 84%] Built target world_model_test
[ 89%] [32m[1mLinking CXX executable zebra_bt_node[0m
[100%] Built target zebra_bt_node
-- Install configuration: ""
-- Installing: /home/user/mujoco-project/install/build_a_zebra/lib/build_a_zebra/zebra_bt_node
-- Set runtime path of "/home/user/mujoco-project/install/build_a_zebra/lib/build_a_zebra/zebra_bt_node" to ""
-- Up-to-date: /home/user/mujoco-project/install/build_a_zebra/share/build_a_zebra/trees
-- Installing: /home/user/mujoco-project/install/build_a_zebra/share/build_a_zebra/trees/zebra_tree.xml
-- Up-to-date: /home/user/mujoco-project/install/build_a_zebra/share/build_a_zebra/resources
-- Installing: /home/user/mujoco-project/install/build_a_zebra/share/build_a_zebra/resources/disturbances.json
-- Up-to-date: /home/user/mujoco-project/install/build_a_zebra/share/build_a_zebra/resources/bom.json
-- Installing: /home/user/mujoco-project/install/build_a_zebra/lib/build_a_zebra/mujoco_test_executor.py
-- Up-to-date: /home/user/mujoco-project/install/build_a_zebra/share/ament_index/resource_index/package_run_dependencies/build_a_zebra
-- Up-to-date: /home/user/mujoco-project/install/build_a_zebra/share/ament_index/resource_index/parent_prefix_path/build_a_zebra
-- Up-to-date: /home/user/mujoco-project/install/build_a_zebra/share/build_a_zebra/environment/ament_prefix_path.sh
-- Up-to-date: /home/user/mujoco-project/install/build_a_zebra/share/build_a_zebra/environment/ament_prefix_path.dsv
-- Up-to-date: /home/user/mujoco-project/install/build_a_zebra/share/build_a_zebra/environment/path.sh
-- Up-to-date: /home/user/mujoco-project/install/build_a_zebra/share/build_a_zebra/environment/path.dsv
-- Up-to-date: /home/user/mujoco-project/install/build_a_zebra/share/build_a_zebra/local_setup.bash
-- Up-to-date: /home/user/mujoco-project/install/build_a_zebra/share/build_a_zebra/local_setup.sh
-- Up-to-date: /home/user/mujoco-project/install/build_a_zebra/share/build_a_zebra/local_setup.zsh
-- Up-to-date: /home/user/mujoco-project/install/build_a_zebra/share/build_a_zebra/local_setup.dsv
-- Installing: /home/user/mujoco-project/install/build_a_zebra/share/build_a_zebra/package.dsv
-- Up-to-date: /home/user/mujoco-project/install/build_a_zebra/share/ament_index/resource_index/packages/build_a_zebra
-- Up-to-date: /home/user/mujoco-project/install/build_a_zebra/share/build_a_zebra/cmake/build_a_zebraConfig.cmake
-- Up-to-date: /home/user/mujoco-project/install/build_a_zebra/share/build_a_zebra/cmake/build_a_zebraConfig-version.cmake
-- Up-to-date: /home/user/mujoco-project/install/build_a_zebra/share/build_a_zebra/package.xml
