[0.020s] Invoking command in '/home/user/mujoco-project/build/build_a_zebra': CMAKE_PREFIX_PATH=${CMAKE_PREFIX_PATH}:/opt/ros/humble /usr/bin/cmake --build /home/user/mujoco-project/build/build_a_zebra -- -j8 -l8
[0.106s] [35m[1mConsolidate compiler generated dependencies of target gtest[0m
[0.107s] [35m[1mConsolidate compiler generated dependencies of target gtest_main[0m
[0.110s] [35m[1mConsolidate compiler generated dependencies of target zebra_bt_node[0m
[0.150s] [ 21%] Built target gtest_main
[0.151s] [ 21%] Built target gtest
[0.167s] [35m[1mConsolidate compiler generated dependencies of target task_model_test[0m
[0.174s] [35m[1mConsolidate compiler generated dependencies of target world_model_test[0m
[0.174s] [35m[1mConsolidate compiler generated dependencies of target recovery_manager_test[0m
[0.188s] [ 26%] [32mBuilding CXX object CMakeFiles/zebra_bt_node.dir/src/main.cpp.o[0m
[0.201s] [ 31%] [32mBuilding CXX object CMakeFiles/zebra_bt_node.dir/src/world_model.cpp.o[0m
[0.205s] [ 36%] [32mBuilding CXX object CMakeFiles/zebra_bt_node.dir/src/disturbance_generator.cpp.o[0m
[0.211s] [ 52%] Built target recovery_manager_test
[0.228s] [ 57%] [32mBuilding CXX object CMakeFiles/world_model_test.dir/test/world_model_test.cpp.o[0m
[0.239s] [ 73%] Built target task_model_test
[0.240s] [ 78%] [32mBuilding CXX object CMakeFiles/world_model_test.dir/src/world_model.cpp.o[0m
[24.606s] [ 84%] [32m[1mLinking CXX executable world_model_test[0m
[25.386s] [ 84%] Built target world_model_test
[30.137s] [ 89%] [32m[1mLinking CXX executable zebra_bt_node[0m
[31.228s] [100%] Built target zebra_bt_node
[31.239s] Invoked command in '/home/user/mujoco-project/build/build_a_zebra' returned '0': CMAKE_PREFIX_PATH=${CMAKE_PREFIX_PATH}:/opt/ros/humble /usr/bin/cmake --build /home/user/mujoco-project/build/build_a_zebra -- -j8 -l8
[31.252s] Invoking command in '/home/user/mujoco-project/build/build_a_zebra': CMAKE_PREFIX_PATH=${CMAKE_PREFIX_PATH}:/opt/ros/humble /usr/bin/cmake --install /home/user/mujoco-project/build/build_a_zebra
[31.258s] -- Install configuration: ""
[31.259s] -- Installing: /home/user/mujoco-project/install/build_a_zebra/lib/build_a_zebra/zebra_bt_node
[31.284s] -- Set runtime path of "/home/user/mujoco-project/install/build_a_zebra/lib/build_a_zebra/zebra_bt_node" to ""
[31.285s] -- Up-to-date: /home/user/mujoco-project/install/build_a_zebra/share/build_a_zebra/trees
[31.285s] -- Installing: /home/user/mujoco-project/install/build_a_zebra/share/build_a_zebra/trees/zebra_tree.xml
[31.285s] -- Up-to-date: /home/user/mujoco-project/install/build_a_zebra/share/build_a_zebra/resources
[31.285s] -- Installing: /home/user/mujoco-project/install/build_a_zebra/share/build_a_zebra/resources/disturbances.json
[31.286s] -- Up-to-date: /home/user/mujoco-project/install/build_a_zebra/share/build_a_zebra/resources/bom.json
[31.286s] -- Installing: /home/user/mujoco-project/install/build_a_zebra/lib/build_a_zebra/mujoco_test_executor.py
[31.286s] -- Up-to-date: /home/user/mujoco-project/install/build_a_zebra/share/ament_index/resource_index/package_run_dependencies/build_a_zebra
[31.286s] -- Up-to-date: /home/user/mujoco-project/install/build_a_zebra/share/ament_index/resource_index/parent_prefix_path/build_a_zebra
[31.287s] -- Up-to-date: /home/user/mujoco-project/install/build_a_zebra/share/build_a_zebra/environment/ament_prefix_path.sh
[31.287s] -- Up-to-date: /home/user/mujoco-project/install/build_a_zebra/share/build_a_zebra/environment/ament_prefix_path.dsv
[31.287s] -- Up-to-date: /home/user/mujoco-project/install/build_a_zebra/share/build_a_zebra/environment/path.sh
[31.287s] -- Up-to-date: /home/user/mujoco-project/install/build_a_zebra/share/build_a_zebra/environment/path.dsv
[31.287s] -- Up-to-date: /home/user/mujoco-project/install/build_a_zebra/share/build_a_zebra/local_setup.bash
[31.287s] -- Up-to-date: /home/user/mujoco-project/install/build_a_zebra/share/build_a_zebra/local_setup.sh
[31.287s] -- Up-to-date: /home/user/mujoco-project/install/build_a_zebra/share/build_a_zebra/local_setup.zsh
[31.287s] -- Up-to-date: /home/user/mujoco-project/install/build_a_zebra/share/build_a_zebra/local_setup.dsv
[31.287s] -- Installing: /home/user/mujoco-project/install/build_a_zebra/share/build_a_zebra/package.dsv
[31.288s] -- Up-to-date: /home/user/mujoco-project/install/build_a_zebra/share/ament_index/resource_index/packages/build_a_zebra
[31.288s] -- Up-to-date: /home/user/mujoco-project/install/build_a_zebra/share/build_a_zebra/cmake/build_a_zebraConfig.cmake
[31.288s] -- Up-to-date: /home/user/mujoco-project/install/build_a_zebra/share/build_a_zebra/cmake/build_a_zebraConfig-version.cmake
[31.288s] -- Up-to-date: /home/user/mujoco-project/install/build_a_zebra/share/build_a_zebra/package.xml
[31.291s] Invoked command in '/home/user/mujoco-project/build/build_a_zebra' returned '0': CMAKE_PREFIX_PATH=${CMAKE_PREFIX_PATH}:/opt/ros/humble /usr/bin/cmake --install /home/user/mujoco-project/build/build_a_zebra
