[0.010s] Invoking command in '/home/user/mujoco-project/build/build_a_zebra': CMAKE_PREFIX_PATH=${CMAKE_PREFIX_PATH}:/opt/ros/humble /usr/bin/cmake --build /home/user/mujoco-project/build/build_a_zebra -- -j8 -l8
[0.055s] [35m[1mConsolidate compiler generated dependencies of target zebra_bt_node[0m
[0.059s] [ 10%] Built target gtest
[0.061s] [ 21%] Built target gtest_main
[0.075s] [ 52%] Built target zebra_bt_node
[0.075s] [35m[1mConsolidate compiler generated dependencies of target world_model_test[0m
[0.082s] [ 78%] Built target task_model_test
[0.082s] [ 84%] Built target recovery_manager_test
[0.089s] [100%] Built target world_model_test
[0.098s] Invoked command in '/home/user/mujoco-project/build/build_a_zebra' returned '0': CMAKE_PREFIX_PATH=${CMAKE_PREFIX_PATH}:/opt/ros/humble /usr/bin/cmake --build /home/user/mujoco-project/build/build_a_zebra -- -j8 -l8
[0.105s] Invoking command in '/home/user/mujoco-project/build/build_a_zebra': CMAKE_PREFIX_PATH=${CMAKE_PREFIX_PATH}:/opt/ros/humble /usr/bin/cmake --install /home/user/mujoco-project/build/build_a_zebra
[0.111s] -- Install configuration: ""
[0.112s] -- Up-to-date: /home/user/mujoco-project/install/build_a_zebra/lib/build_a_zebra/zebra_bt_node
[0.112s] -- Up-to-date: /home/user/mujoco-project/install/build_a_zebra/share/build_a_zebra/trees
[0.112s] -- Up-to-date: /home/user/mujoco-project/install/build_a_zebra/share/build_a_zebra/trees/zebra_tree.xml
[0.112s] -- Up-to-date: /home/user/mujoco-project/install/build_a_zebra/share/build_a_zebra/resources
[0.113s] -- Up-to-date: /home/user/mujoco-project/install/build_a_zebra/share/build_a_zebra/resources/disturbances.json
[0.113s] -- Up-to-date: /home/user/mujoco-project/install/build_a_zebra/share/build_a_zebra/resources/bom.json
[0.113s] -- Up-to-date: /home/user/mujoco-project/install/build_a_zebra/lib/build_a_zebra/mujoco_test_executor.py
[0.113s] -- Up-to-date: /home/user/mujoco-project/install/build_a_zebra/share/ament_index/resource_index/package_run_dependencies/build_a_zebra
[0.113s] -- Up-to-date: /home/user/mujoco-project/install/build_a_zebra/share/ament_index/resource_index/parent_prefix_path/build_a_zebra
[0.113s] -- Up-to-date: /home/user/mujoco-project/install/build_a_zebra/share/build_a_zebra/environment/ament_prefix_path.sh
[0.113s] -- Up-to-date: /home/user/mujoco-project/install/build_a_zebra/share/build_a_zebra/environment/ament_prefix_path.dsv
[0.114s] -- Up-to-date: /home/user/mujoco-project/install/build_a_zebra/share/build_a_zebra/environment/path.sh
[0.114s] -- Up-to-date: /home/user/mujoco-project/install/build_a_zebra/share/build_a_zebra/environment/path.dsv
[0.114s] -- Up-to-date: /home/user/mujoco-project/install/build_a_zebra/share/build_a_zebra/local_setup.bash
[0.114s] -- Up-to-date: /home/user/mujoco-project/install/build_a_zebra/share/build_a_zebra/local_setup.sh
[0.114s] -- Up-to-date: /home/user/mujoco-project/install/build_a_zebra/share/build_a_zebra/local_setup.zsh
[0.114s] -- Up-to-date: /home/user/mujoco-project/install/build_a_zebra/share/build_a_zebra/local_setup.dsv
[0.114s] -- Installing: /home/user/mujoco-project/install/build_a_zebra/share/build_a_zebra/package.dsv
[0.114s] -- Up-to-date: /home/user/mujoco-project/install/build_a_zebra/share/ament_index/resource_index/packages/build_a_zebra
[0.114s] -- Up-to-date: /home/user/mujoco-project/install/build_a_zebra/share/build_a_zebra/cmake/build_a_zebraConfig.cmake
[0.114s] -- Up-to-date: /home/user/mujoco-project/install/build_a_zebra/share/build_a_zebra/cmake/build_a_zebraConfig-version.cmake
[0.114s] -- Up-to-date: /home/user/mujoco-project/install/build_a_zebra/share/build_a_zebra/package.xml
[0.116s] Invoked command in '/home/user/mujoco-project/build/build_a_zebra' returned '0': CMAKE_PREFIX_PATH=${CMAKE_PREFIX_PATH}:/opt/ros/humble /usr/bin/cmake --install /home/user/mujoco-project/build/build_a_zebra
