[ 10%] Built target gtest_main
[ 21%] Built target gtest
[ 52%] Built target zebra_bt_node
[ 68%] Built target recovery_manager_test
[ 84%] Built target task_model_test
[100%] Built target world_model_test
-- Install configuration: ""
-- Up-to-date: /home/user/mujoco-project/install/build_a_zebra/lib/build_a_zebra/zebra_bt_node
-- Up-to-date: /home/user/mujoco-project/install/build_a_zebra/share/build_a_zebra/trees
-- Up-to-date: /home/user/mujoco-project/install/build_a_zebra/share/build_a_zebra/trees/zebra_tree.xml
-- Up-to-date: /home/user/mujoco-project/install/build_a_zebra/share/build_a_zebra/resources
-- Installing: /home/user/mujoco-project/install/build_a_zebra/share/build_a_zebra/resources/disturbances.json
-- Up-to-date: /home/user/mujoco-project/install/build_a_zebra/share/build_a_zebra/resources/bom.json
-- Up-to-date: /home/user/mujoco-project/install/build_a_zebra/lib/build_a_zebra/mujoco_test_executor.py
-- Up-to-date: /home/user/mujoco-project/install/build_a_zebra/share/ament_index/resource_index/package_run_dependencies/build_a_zebra
-- Up-to-date: /home/user/mujoco-project/install/build_a_zebra/share/ament_index/resource_index/parent_prefix_path/build_a_zebra
-- Up-to-date: /home/user/mujoco-project/install/build_a_zebra/share/build_a_zebra/environment/ament_prefix_path.sh
-- Up-to-date: /home/user/mujoco-project/install/build_a_zebra/share/build_a_zebra/environment/ament_prefix_path.dsv
-- Up-to-date: /home/user/mujoco-project/install/build_a_zebra/share/build_a_zebra/environment/path.sh
-- Up-to-date: /home/user/mujoco-project/install/build_a_zebra/share/build_a_zebra/environment/path.dsv
-- Up-to-date: /home/user/mujoco-project/install/build_a_zebra/share/build_a_zebra/local_setup.bash
-- Up-to-date: /home/user/mujoco-project/install/build_a_zebra/share/build_a_zebra/local_setup.sh
-- Up-to-date: /home/user/mujoco-project/install/build_a_zebra/share/build_a_zebra/local_setup.zsh
-- Up-to-date: /home/user/mujoco-project/install/build_a_zebra/share/build_a_zebra/local_setup.dsv
-- Installing: /home/user/mujoco-project/install/build_a_zebra/share/build_a_zebra/package.dsv
-- Up-to-date: /home/user/mujoco-project/install/build_a_zebra/share/ament_index/resource_index/packages/build_a_zebra
-- Up-to-date: /home/user/mujoco-project/install/build_a_zebra/share/build_a_zebra/cmake/build_a_zebraConfig.cmake
-- Up-to-date: /home/user/mujoco-project/install/build_a_zebra/share/build_a_zebra/cmake/build_a_zebraConfig-version.cmake
-- Up-to-date: /home/user/mujoco-project/install/build_a_zebra/share/build_a_zebra/package.xml
