[0.012s] Invoking command in '/home/user/mujoco-project/build/build_a_zebra': CMAKE_PREFIX_PATH=${CMAKE_PREFIX_PATH}:/opt/ros/humble /usr/bin/cmake --build /home/user/mujoco-project/build/build_a_zebra -- -j8 -l8
[0.052s] [ 10%] Built target gtest_main
[0.053s] [ 21%] Built target gtest
[0.059s] [ 52%] Built target zebra_bt_node
[0.070s] [ 68%] Built target recovery_manager_test
[0.072s] [ 84%] Built target task_model_test
[0.076s] [100%] Built target world_model_test
[0.083s] Invoked command in '/home/user/mujoco-project/build/build_a_zebra' returned '0': CMAKE_PREFIX_PATH=${CMAKE_PREFIX_PATH}:/opt/ros/humble /usr/bin/cmake --build /home/user/mujoco-project/build/build_a_zebra -- -j8 -l8
[0.089s] Invoking command in '/home/user/mujoco-project/build/build_a_zebra': CMAKE_PREFIX_PATH=${CMAKE_PREFIX_PATH}:/opt/ros/humble /usr/bin/cmake --install /home/user/mujoco-project/build/build_a_zebra
[0.094s] -- Install configuration: ""
[0.094s] -- Up-to-date: /home/user/mujoco-project/install/build_a_zebra/lib/build_a_zebra/zebra_bt_node
[0.094s] -- Up-to-date: /home/user/mujoco-project/install/build_a_zebra/share/build_a_zebra/trees
[0.094s] -- Up-to-date: /home/user/mujoco-project/install/build_a_zebra/share/build_a_zebra/trees/zebra_tree.xml
[0.094s] -- Up-to-date: /home/user/mujoco-project/install/build_a_zebra/share/build_a_zebra/resources
[0.094s] -- Installing: /home/user/mujoco-project/install/build_a_zebra/share/build_a_zebra/resources/disturbances.json
[0.095s] -- Up-to-date: /home/user/mujoco-project/install/build_a_zebra/share/build_a_zebra/resources/bom.json
[0.095s] -- Up-to-date: /home/user/mujoco-project/install/build_a_zebra/lib/build_a_zebra/mujoco_test_executor.py
[0.095s] -- Up-to-date: /home/user/mujoco-project/install/build_a_zebra/share/ament_index/resource_index/package_run_dependencies/build_a_zebra
[0.095s] -- Up-to-date: /home/user/mujoco-project/install/build_a_zebra/share/ament_index/resource_index/parent_prefix_path/build_a_zebra
[0.095s] -- Up-to-date: /home/user/mujoco-project/install/build_a_zebra/share/build_a_zebra/environment/ament_prefix_path.sh
[0.095s] -- Up-to-date: /home/user/mujoco-project/install/build_a_zebra/share/build_a_zebra/environment/ament_prefix_path.dsv
[0.095s] -- Up-to-date: /home/user/mujoco-project/install/build_a_zebra/share/build_a_zebra/environment/path.sh
[0.095s] -- Up-to-date: /home/user/mujoco-project/install/build_a_zebra/share/build_a_zebra/environment/path.dsv
[0.095s] -- Up-to-date: /home/user/mujoco-project/install/build_a_zebra/share/build_a_zebra/local_setup.bash
[0.095s] -- Up-to-date: /home/user/mujoco-project/install/build_a_zebra/share/build_a_zebra/local_setup.sh
[0.095s] -- Up-to-date: /home/user/mujoco-project/install/build_a_zebra/share/build_a_zebra/local_setup.zsh
[0.095s] -- Up-to-date: /home/user/mujoco-project/install/build_a_zebra/share/build_a_zebra/local_setup.dsv
[0.095s] -- Installing: /home/user/mujoco-project/install/build_a_zebra/share/build_a_zebra/package.dsv
[0.096s] -- Up-to-date: /home/user/mujoco-project/install/build_a_zebra/share/ament_index/resource_index/packages/build_a_zebra
[0.096s] -- Up-to-date: /home/user/mujoco-project/install/build_a_zebra/share/build_a_zebra/cmake/build_a_zebraConfig.cmake
[0.096s] -- Up-to-date: /home/user/mujoco-project/install/build_a_zebra/share/build_a_zebra/cmake/build_a_zebraConfig-version.cmake
[0.096s] -- Up-to-date: /home/user/mujoco-project/install/build_a_zebra/share/build_a_zebra/package.xml
[0.097s] Invoked command in '/home/user/mujoco-project/build/build_a_zebra' returned '0': CMAKE_PREFIX_PATH=${CMAKE_PREFIX_PATH}:/opt/ros/humble /usr/bin/cmake --install /home/user/mujoco-project/build/build_a_zebra
